ASxxxx Linker V03.00/V05.40 + sdld,  page 1.
Hexadecimal  [32-Bits]

Area                                    Addr        Size        Decimal Bytes (Attributes)
--------------------------------        ----        ----        ------- ----- ------------
.  .ABS.                            00000000    00000000 =           0. bytes (ABS,CON)

      Value  Global                              Global Defined In Module
      -----  --------------------------------   ------------------------
     00000000  .__.ABS.                           
     00000000  _rRAMG                             
     00000000  l__BASE                         
     00000000  l__BSS                          
     00000000  l__CABS                         
     00000000  l__CODE_0                       
     00000000  l__CRASH_HEADER                 
     00000000  l__CRASH_SCRATCH                
     00000000  l__DABS                         
     00000000  l__HEADER                       
     00000000  l__HEADER_LCD                   
     00000000  l__HEADER_SIO                   
     00000000  l__HEADER_TIMER                 
     00000000  l__HEAP                         
     00000000  l__HEAP_END                     
     00000000  l__HRAM                         
     00000000  l__LIT                          
     00000000  s__CABS                         
     00000000  s__CRASH_HEADER                 
     00000000  s__CRASH_HEADER0                
     00000000  s__CRASH_HEADER1                
     00000000  s__CRASH_SCRATCH                
     00000000  s__CRASH_SCRATCH2               
     00000000  s__DABS                         
     00000000  s__HEADER                       
     00000000  s__HEADER0                      
     00000000  s__HEADER1                      
     00000000  s__HEADER10                     
     00000000  s__HEADER11                     
     00000000  s__HEADER2                      
     00000000  s__HEADER3                      
     00000000  s__HEADER4                      
     00000000  s__HEADER5                      
     00000000  s__HEADER6                      
     00000000  s__HEADER7                      
     00000000  s__HEADER8                      
     00000000  s__HEADER9                      
     00000000  s__HEADER_LCD                   
     00000000  s__HEADER_LCD0                  
     00000000  s__HEADER_SIO                   
     00000000  s__HEADER_SIO0                  
     00000000  s__HEADER_TIMER                 
     00000000  s__HEADER_TIMER0                
     00000000  s__HEADERa                      
     00000000  s__HEADERb                      
     00000000  s__HEADERc                      
     00000000  s__HEADERd                      
     00000000  s__HEADERe                      
     00000000  s__HEADERf                      
     00000000  s__HRAM                         
ASxxxx Linker V03.00/V05.40 + sdld,  page 2.
Hexadecimal  [32-Bits]

Area                                    Addr        Size        Decimal Bytes (Attributes)
--------------------------------        ----        ----        ------- ----- ------------
.  .ABS.                            00000000    00000000 =           0. bytes (ABS,CON)

      Value  Global                              Global Defined In Module
      -----  --------------------------------   ------------------------
     00000000  s__HRAM12                       
     00000001  ___bank_VM_SGB                     vm_sgb
     00000001  ___bank_actor_9_interact           actor_9_interact
     00000001  ___bank_scene_2_sprites            scene_2_sprites
     00000001  ___bank_song_bs_mm_theme_Data      song_bs_mm_theme_Data
     00000001  b_platform_init                    platform
     00000001  b_platform_update                  platform
     00000001  b_ui_draw_frame                    ui
     00000001  b_ui_draw_text_buffer_char         ui
     00000001  b_ui_init                          ui
     00000001  b_ui_load_tiles                    ui
     00000001  b_ui_run_menu                      ui
     00000001  b_ui_run_modal                     ui
     00000001  b_ui_set_start_tile                ui
     00000001  l__GSFINAL                      
     00000001  l__HEADER0                      
     00000001  l__HEADER5                      
     00000001  l__HEADERa                      
     00000001  l__HEADERb                      
     00000001  l__HEADERc                      
     00000001  l__HEADERe                      
     00000001  l__HEADERf                      
     00000002  ___bank_ACTOR                      actor
     00000002  ___bank_VM_ACTOR                   vm_actor
     00000002  ___bank_bg_colloseum_tilemap       bg_colloseum_tilemap
     00000002  ___bank_song_bs_mm_highway_Data    song_bs_mm_highway_Data
     00000002  b_activate_actor                   actor
     00000002  b_activate_actors_in_col           actor
     00000002  b_activate_actors_in_row           actor
     00000002  b_actor_at_tile                    actor
     00000002  b_actor_get_frame_offset           actor
     00000002  b_actor_in_front_of_player         actor
     00000002  b_actor_overlapping_bb             actor
     00000002  b_actor_overlapping_player         actor
     00000002  b_actor_set_anim_idle              actor
     00000002  b_actor_set_anim_moving            actor
     00000002  b_actor_set_dir                    actor
     00000002  b_actor_set_frame_offset           actor
     00000002  b_actor_set_frames                 actor
     00000002  b_actors_handle_player_collision   actor
     00000002  b_actors_init                      actor
     00000002  b_check_collision_in_direction     actor
     00000002  b_deactivate_actor                 actor
     00000002  b_player_init                      actor
     00000002  b_vm_actor_activate                vm_actor
     00000002  b_vm_actor_begin_update            vm_actor
     00000002  b_vm_actor_deactivate              vm_actor
     00000002  b_vm_actor_emote                   vm_actor
     00000002  b_vm_actor_get_angle               vm_actor
     00000002  b_vm_actor_get_anim_frame          vm_actor
     00000002  b_vm_actor_get_dir                 vm_actor
ASxxxx Linker V03.00/V05.40 + sdld,  page 3.
Hexadecimal  [32-Bits]

Area                                    Addr        Size        Decimal Bytes (Attributes)
--------------------------------        ----        ----        ------- ----- ------------
.  .ABS.                            00000000    00000000 =           0. bytes (ABS,CON)

      Value  Global                              Global Defined In Module
      -----  --------------------------------   ------------------------
     00000002  b_vm_actor_get_pos                 vm_actor
     00000002  b_vm_actor_move_cancel             vm_actor
     00000002  b_vm_actor_move_to                 vm_actor
     00000002  b_vm_actor_replace_tile            vm_actor
     00000002  b_vm_actor_set_anim                vm_actor
     00000002  b_vm_actor_set_anim_frame          vm_actor
     00000002  b_vm_actor_set_anim_set            vm_actor
     00000002  b_vm_actor_set_anim_tick           vm_actor
     00000002  b_vm_actor_set_bounds              vm_actor
     00000002  b_vm_actor_set_dir                 vm_actor
     00000002  b_vm_actor_set_flags               vm_actor
     00000002  b_vm_actor_set_move_speed          vm_actor
     00000002  b_vm_actor_set_pos                 vm_actor
     00000002  b_vm_actor_set_spritesheet         vm_actor
     00000002  b_vm_actor_set_spritesheet_by_re   vm_actor
     00000002  b_vm_actor_terminate_update        vm_actor
     00000002  l__HEADER10                     
     00000002  l__HEADER6                      
     00000002  l__HEADERd                      
     00000003  ___bank_VM_MAIN                    vm
     00000003  ___bank_font_gbs_mono              font_gbs_mono
     00000003  ___bank_song_bs_mm_bubble_Data     song_bs_mm_bubble_Data
     00000003  ___bank_song_bs_mm_levelselect_D   song_bs_mm_levelselect_Data
     00000003  b_gbprinter_detect                 gbprinter
     00000003  b_gbprinter_print_overlay          gbprinter
     00000003  b_script_detach_hthread            vm
     00000003  b_script_execute                   vm
     00000003  b_script_runner_init               vm
     00000003  b_script_terminate                 vm
     00000003  b_scroll_rect                      
     00000003  b_vm_call                          vm
     00000003  b_vm_call_far                      vm
     00000003  b_vm_get_indirect                  vm
     00000003  b_vm_get_int16                     vm
     00000003  b_vm_get_int8                      vm
     00000003  b_vm_get_tlocal                    vm
     00000003  b_vm_get_uint8                     vm
     00000003  b_vm_idle                          vm
     00000003  b_vm_if                            vm
     00000003  b_vm_if_const                      vm
     00000003  b_vm_init_rng                      vm
     00000003  b_vm_invoke                        vm
     00000003  b_vm_join                          vm
     00000003  b_vm_jump                          vm
     00000003  b_vm_lock                          vm
     00000003  b_vm_loop                          vm
     00000003  b_vm_memcpy                        vm
     00000003  b_vm_memset                        vm
     00000003  b_vm_poll_loaded                   vm
     00000003  b_vm_pop                           vm
     00000003  b_vm_push                          vm
ASxxxx Linker V03.00/V05.40 + sdld,  page 4.
Hexadecimal  [32-Bits]

Area                                    Addr        Size        Decimal Bytes (Attributes)
--------------------------------        ----        ----        ------- ----- ------------
.  .ABS.                            00000000    00000000 =           0. bytes (ABS,CON)

      Value  Global                              Global Defined In Module
      -----  --------------------------------   ------------------------
     00000003  b_vm_push_reference                vm
     00000003  b_vm_push_value                    vm
     00000003  b_vm_push_value_ind                vm
     00000003  b_vm_raise                         vm
     00000003  b_vm_rand                          vm
     00000003  b_vm_reserve                       vm
     00000003  b_vm_ret                           vm
     00000003  b_vm_ret_far                       vm
     00000003  b_vm_set                           vm
     00000003  b_vm_set_const                     vm
     00000003  b_vm_set_const_int16               vm
     00000003  b_vm_set_const_int8                vm
     00000003  b_vm_set_indirect                  vm
     00000003  b_vm_set_int16                     vm
     00000003  b_vm_set_int8                      vm
     00000003  b_vm_set_uint8                     vm
     00000003  b_vm_terminate                     vm
     00000003  b_vm_test_terminate                vm
     00000003  b_vm_unlock                        vm
     00000003  b_wait_frames                      vm
     00000003  l__HEADER9                      
     00000003  l__HEADER_LCD0                  
     00000003  l__HRAM12                       
     00000004  ___bank_bg_colloseum_tileset       bg_colloseum_tileset
     00000004  ___bank_bg_outsidelimted_tileset   bg_outsidelimted_tileset
     00000004  ___bank_song_song_template_1_Dat   song_song_template_1_Data
     00000004  ___bank_song_song_template_Data    song_song_template_Data
     00000004  ___bank_song_template_0_Data       song_template_0_Data
     00000004  b_do_load_palette                  data_manager
     00000004  b_input_init                       input
     00000004  b_load_background                  data_manager
     00000004  b_load_bkg_tileset                 data_manager
     00000004  b_load_bounds                      data_manager
     00000004  b_load_emote                       data_manager
     00000004  b_load_init                        data_manager
     00000004  b_load_player                      data_manager
     00000004  b_load_scene                       data_manager
     00000004  b_load_sprite                      data_manager
     00000004  b_trigger_activate_at              trigger
     00000004  b_trigger_activate_at_intersecti   trigger
     00000004  b_trigger_at_intersection          trigger
     00000004  b_trigger_at_tile                  trigger
     00000004  b_trigger_interact                 trigger
     00000004  b_trigger_reset                    trigger
     00000004  l__CRASH_HEADER1                
     00000004  l__HEADER_SIO0                  
     00000004  l__HEADER_TIMER0                
     00000005  ___bank_actor_3_update             actor_3_update
     00000005  ___bank_actor_40_update            actor_40_update
     00000005  ___bank_actor_41_update            actor_41_update
     00000005  ___bank_actor_42_update            actor_42_update
ASxxxx Linker V03.00/V05.40 + sdld,  page 5.
Hexadecimal  [32-Bits]

Area                                    Addr        Size        Decimal Bytes (Attributes)
--------------------------------        ----        ----        ------- ----- ------------
.  .ABS.                            00000000    00000000 =           0. bytes (ABS,CON)

      Value  Global                              Global Defined In Module
      -----  --------------------------------   ------------------------
     00000005  ___bank_bg_gribble_tileset         bg_gribble_tileset
     00000005  ___bank_bg_snooty_tileset          bg_snooty_tileset
     00000005  ___bank_bg_us_2_tileset            bg_us_2_tileset
     00000005  ___bank_bootstrap_script           
     00000005  ___bank_script_input_2             script_input_2
     00000005  b_atan2                            math_atan2
     00000005  b_shmup_init                       shmup
     00000005  b_shmup_update                     shmup
     00000005  l__CRASH_HEADER0                
     00000005  l__HEADER1                      
     00000006  ___bank_VM_UI                      vm_ui
     00000006  ___bank_bg_banshpeed_tileset       bg_banshpeed_tileset
     00000006  ___bank_bg_bunbun2_tileset         bg_bunbun2_tileset
     00000006  ___bank_bg_logo_tileset            bg_logo_tileset
     00000006  ___bank_bg_melty_tileset           bg_melty_tileset
     00000006  ___bank_bg_pausestats_tileset      bg_pausestats_tileset
     00000006  ___bank_bg_shieldybig_tileset      bg_shieldybig_tileset
     00000006  ___bank_scene_house_init           scene_house_init
     00000006  b_adventure_init                   adventure
     00000006  b_adventure_update                 adventure
     00000006  b_scroll_init                      scroll
     00000006  b_scroll_repaint                   scroll
     00000006  b_scroll_reset                     scroll
     00000006  b_scroll_update                    scroll
     00000006  b_topdown_init                     topdown
     00000006  b_topdown_update                   topdown
     00000006  b_vm_choice                        vm_ui
     00000006  b_vm_display_text                  vm_ui
     00000006  b_vm_overlay_clear                 vm_ui
     00000006  b_vm_overlay_move_to               vm_ui
     00000006  b_vm_overlay_scroll                vm_ui
     00000006  b_vm_overlay_set_map               vm_ui
     00000006  b_vm_overlay_set_scroll            vm_ui
     00000006  b_vm_overlay_set_submap            vm_ui
     00000006  b_vm_overlay_set_submap_ex         vm_ui
     00000006  b_vm_overlay_setpos                vm_ui
     00000006  b_vm_overlay_show                  vm_ui
     00000006  b_vm_overlay_wait                  vm_ui
     00000006  b_vm_set_font                      vm_ui
     00000006  b_vm_set_text_sound                vm_ui
     00000006  b_vm_switch_text_layer             vm_ui
     00000006  l__HEADER8                      
     00000007  ___bank_VM_GAMEBOY                 vm_gameboy
     00000007  ___bank_actor_6_update             actor_6_update
     00000007  ___bank_bg_battle_master_house_t   bg_battle_master_house_tiles
     00000007  ___bank_bg_gym_tilemap             bg_gym_tilemap
     00000007  ___bank_bg_gym_tileset             bg_gym_tileset
     00000007  ___bank_bg_nercohouse_tileset      bg_nercohouse_tileset
     00000007  ___bank_bg_outsidelimted_tilemap   bg_outsidelimted_tilemap
     00000007  ___bank_bg_paniel_tileset          bg_paniel_tileset
     00000007  ___bank_bg_runninmachine_tileset   bg_runninmachine_tileset
ASxxxx Linker V03.00/V05.40 + sdld,  page 6.
Hexadecimal  [32-Bits]

Area                                    Addr        Size        Decimal Bytes (Attributes)
--------------------------------        ----        ----        ------- ----- ------------
.  .ABS.                            00000000    00000000 =           0. bytes (ABS,CON)

      Value  Global                              Global Defined In Module
      -----  --------------------------------   ------------------------
     00000007  ___bank_bg_titlescreen_tileset     bg_titlescreen_tileset
     00000007  ___bank_scene_18_collisions        scene_18_collisions
     00000007  ___bank_scene_7_collisions         scene_7_collisions
     00000007  ___bank_scene_outside_collisions   scene_outside_collisions
     00000007  ___bank_script_init_menu           script_init_menu
     00000007  ___bank_sprite_battle_master_hou   sprite_battle_master_house1_
     00000007  b_projectile_launch                projectiles
     00000007  b_projectiles_init                 projectiles
     00000007  b_vm_context_prepare               vm_gameboy
     00000007  b_vm_fade                          vm_gameboy
     00000007  b_vm_get_tile_xy                   vm_gameboy
     00000007  b_vm_input_attach                  vm_gameboy
     00000007  b_vm_input_detach                  vm_gameboy
     00000007  b_vm_input_get                     vm_gameboy
     00000007  b_vm_input_wait                    vm_gameboy
     00000007  b_vm_load_tiles                    vm_gameboy
     00000007  b_vm_load_tileset                  vm_gameboy
     00000007  b_vm_poll                          vm_gameboy
     00000007  b_vm_replace_tile                  vm_gameboy
     00000007  b_vm_replace_tile_xy               vm_gameboy
     00000007  b_vm_rumble                        vm_gameboy
     00000007  b_vm_set_sprite_mode               vm_gameboy
     00000007  b_vm_set_sprites_visible           vm_gameboy
     00000007  b_vm_timer_prepare                 vm_gameboy
     00000007  b_vm_timer_reset                   vm_gameboy
     00000007  b_vm_timer_set                     vm_gameboy
     00000007  b_vm_timer_stop                    vm_gameboy
     00000007  l__HEADER2                      
     00000008  ___bank_VM_CAMERA                  vm_camera
     00000008  ___bank_VM_SIO                     vm_sio
     00000008  ___bank_actor_17_interact          actor_17_interact
     00000008  ___bank_actor_24_interact          actor_24_interact
     00000008  ___bank_actor_28_interact          actor_28_interact
     00000008  ___bank_actor_28_update            actor_28_update
     00000008  ___bank_bg_banshpeed_tilemap       bg_banshpeed_tilemap
     00000008  ___bank_scene_1_init               scene_1_init
     00000008  ___bank_scene_21_init              scene_21_init
     00000008  ___bank_scene_7_init               scene_7_init
     00000008  ___bank_scene_9_init               scene_9_init
     00000008  ___bank_scene_outside_actors       scene_outside_actors
     00000008  ___bank_scene_outside_init         scene_outside_init
     00000008  ___bank_sprite_bar_and_filler_si   sprite_bar_and_filler_side_
     00000008  ___bank_sprite_bunbun3_tileset     sprite_bunbun3_tileset
     00000008  ___bank_sprite_bunbun_tileset      sprite_bunbun_tileset
     00000008  ___bank_sprite_hp                  sprite_hp
     00000008  ___bank_sprite_hp_tileset          sprite_hp_tileset
     00000008  ___bank_sprite_numbers             sprite_numbers
     00000008  ___bank_sprite_scoket_tileset      sprite_scoket_tileset
     00000008  ___bank_sprite_shieldy_tileset     sprite_shieldy_tileset
     00000008  ___bank_sprite_sleept_copy_tiles   sprite_sleept_copy_tileset
     00000008  ___bank_sprite_snooty_tileset      sprite_snooty_tileset
ASxxxx Linker V03.00/V05.40 + sdld,  page 7.
Hexadecimal  [32-Bits]

Area                                    Addr        Size        Decimal Bytes (Attributes)
--------------------------------        ----        ----        ------- ----- ------------
.  .ABS.                            00000000    00000000 =           0. bytes (ABS,CON)

      Value  Global                              Global Defined In Module
      -----  --------------------------------   ------------------------
     00000008  ___bank_sprite_turn                sprite_turn
     00000008  ___bank_sprite_turn_tileset        sprite_turn_tileset
     00000008  b___HandleCrash_banked             
     00000008  b_camera_shake_frames              vm_camera
     00000008  b_core_reset                       core
     00000008  b_core_run                         core
     00000008  b_data_clear                       load_save
     00000008  b_data_init                        load_save
     00000008  b_data_load                        load_save
     00000008  b_data_peek                        load_save
     00000008  b_data_save                        load_save
     00000008  b_fade_applypalettechange          fade_manager
     00000008  b_fade_in                          fade_manager
     00000008  b_fade_in_modal                    fade_manager
     00000008  b_fade_init                        fade_manager
     00000008  b_fade_out                         fade_manager
     00000008  b_fade_out_modal                   fade_manager
     00000008  b_fade_setspeed                    fade_manager
     00000008  b_fade_update                      fade_manager
     00000008  b_pointnclick_init                 pointnclick
     00000008  b_pointnclick_update               pointnclick
     00000008  b_set_sgb_border                   sgb_border
     00000008  b_vm_camera_move_to                vm_camera
     00000008  b_vm_camera_set_pos                vm_camera
     00000008  b_vm_sio_exchange                  vm_sio
     00000008  b_vm_sio_set_mode                  vm_sio
     00000008  l__HEADER3                      
     00000009  ___bank_VM_MATH                    vm_math
     00000009  ___bank_VM_MUSIC                   vm_music
     00000009  ___bank_VM_PALETTE                 vm_palette
     00000009  ___bank_actor_2_interact           actor_2_interact
     00000009  ___bank_bg_battle_master_house_t   bg_battle_master_house_tilem
     00000009  ___bank_bg_bunbun2_tilemap         bg_bunbun2_tilemap
     00000009  ___bank_bg_gribble_tilemap         bg_gribble_tilemap
     00000009  ___bank_bg_logo_tilemap            bg_logo_tilemap
     00000009  ___bank_bg_melty_tilemap           bg_melty_tilemap
     00000009  ___bank_bg_monster_selection_til   bg_monster_selection_tilemap
     00000009  ___bank_bg_nercohouse_tilemap      bg_nercohouse_tilemap
     00000009  ___bank_bg_paniel_tilemap          bg_paniel_tilemap
     00000009  ___bank_bg_pausestats_tilemap      bg_pausestats_tilemap
     00000009  ___bank_bg_runninmachine_tilemap   bg_runninmachine_tilemap
     00000009  ___bank_bg_shieldybig_tilemap      bg_shieldybig_tilemap
     00000009  ___bank_bg_snooty_tilemap          bg_snooty_tilemap
     00000009  ___bank_bg_titlescreen_tilemap     bg_titlescreen_tilemap
     00000009  ___bank_bg_us_2_tilemap            bg_us_2_tilemap
     00000009  ___bank_scene_0_collisions         scene_0_collisions
     00000009  ___bank_scene_10_collisions        scene_10_collisions
     00000009  ___bank_scene_11_collisions        scene_11_collisions
     00000009  ___bank_scene_17_collisions        scene_17_collisions
     00000009  ___bank_scene_19_collisions        scene_19_collisions
     00000009  ___bank_scene_1_collisions         scene_1_collisions
ASxxxx Linker V03.00/V05.40 + sdld,  page 8.
Hexadecimal  [32-Bits]

Area                                    Addr        Size        Decimal Bytes (Attributes)
--------------------------------        ----        ----        ------- ----- ------------
.  .ABS.                            00000000    00000000 =           0. bytes (ABS,CON)

      Value  Global                              Global Defined In Module
      -----  --------------------------------   ------------------------
     00000009  ___bank_scene_20_collisions        scene_20_collisions
     00000009  ___bank_scene_21_collisions        scene_21_collisions
     00000009  ___bank_scene_2_collisions         scene_2_collisions
     00000009  ___bank_scene_3_collisions         scene_3_collisions
     00000009  ___bank_scene_4_collisions         scene_4_collisions
     00000009  ___bank_scene_5_collisions         scene_5_collisions
     00000009  ___bank_scene_6_collisions         scene_6_collisions
     00000009  ___bank_scene_9_collisions         scene_9_collisions
     00000009  ___bank_scene_house_collisions     scene_house_collisions
     00000009  ___bank_scene_logo_collisions      scene_logo_collisions
     00000009  ___bank_scene_menu_collisions      scene_menu_collisions
     00000009  ___bank_scene_title_screen_colli   scene_title_screen_collision
     00000009  ___bank_sprite_banspeed_tileset    sprite_banspeed_tileset
     00000009  ___bank_sprite_battle_master_hou   sprite_battle_master_house1
     00000009  ___bank_sprite_chomper_tileset     sprite_chomper_tileset
     00000009  ___bank_sprite_gribble_tileset     sprite_gribble_tileset
     00000009  ___bank_sprite_melty_tileset       sprite_melty_tileset
     00000009  ___bank_sprite_necro_tileset       sprite_necro_tileset
     00000009  ___bank_sprite_numbers_tileset     sprite_numbers_tileset
     00000009  ___bank_sprite_paniel_tileset      sprite_paniel_tileset
     00000009  ___bank_sprite_raptar_copy_tiles   sprite_raptar_copy_tileset
     00000009  ___bank_sprite_raptar_tileset      sprite_raptar_tileset
     00000009  ___bank_sprite_sleept_copy         sprite_sleept_copy
     00000009  b_vm_cos_scale                     vm_math
     00000009  b_vm_load_palette                  vm_palette
     00000009  b_vm_music_mute                    vm_music
     00000009  b_vm_music_play                    vm_music
     00000009  b_vm_music_routine                 vm_music
     00000009  b_vm_music_setpos                  vm_music
     00000009  b_vm_music_stop                    vm_music
     00000009  b_vm_sfx_play                      vm_music
     00000009  b_vm_sin_scale                     vm_math
     00000009  b_vm_sound_mastervol               vm_music
     0000000A  ___bank_VM_GBPRINTER               vm_gbprinter
     0000000A  ___bank_VM_LOAD_SAVE               vm_load_save
     0000000A  ___bank_VM_PROJECTILE              vm_projectiles
     0000000A  ___bank_VM_RTC                     vm_rtc
     0000000A  ___bank_VM_SCENE                   vm_scene
     0000000A  ___bank_actor_0_interact           actor_0_interact
     0000000A  ___bank_actor_10_interact          actor_10_interact
     0000000A  ___bank_actor_13_interact          actor_13_interact
     0000000A  ___bank_actor_14_interact          actor_14_interact
     0000000A  ___bank_actor_15_update            actor_15_update
     0000000A  ___bank_actor_26_interact          actor_26_interact
     0000000A  ___bank_actor_27_interact          actor_27_interact
     0000000A  ___bank_actor_31_update            actor_31_update
     0000000A  ___bank_actor_35_update            actor_35_update
     0000000A  ___bank_actor_36_interact          actor_36_interact
     0000000A  ___bank_actor_58_interact          actor_58_interact
     0000000A  ___bank_actor_60_update            actor_60_update
     0000000A  ___bank_actor_61_interact          actor_61_interact
ASxxxx Linker V03.00/V05.40 + sdld,  page 9.
Hexadecimal  [32-Bits]

Area                                    Addr        Size        Decimal Bytes (Attributes)
--------------------------------        ----        ----        ------- ----- ------------
.  .ABS.                            00000000    00000000 =           0. bytes (ABS,CON)

      Value  Global                              Global Defined In Module
      -----  --------------------------------   ------------------------
     0000000A  ___bank_actor_62_interact          actor_62_interact
     0000000A  ___bank_actor_63_interact          actor_63_interact
     0000000A  ___bank_actor_64_interact          actor_64_interact
     0000000A  ___bank_actor_6_interact           actor_6_interact
     0000000A  ___bank_actor_7_interact           actor_7_interact
     0000000A  ___bank_actor_8_interact           actor_8_interact
     0000000A  ___bank_bg_monster_selection_til   bg_monster_selection_tileset
     0000000A  ___bank_bg_sleep_tileset           bg_sleep_tileset
     0000000A  ___bank_frame_image                frame_image
     0000000A  ___bank_scene_0_init               scene_0_init
     0000000A  ___bank_scene_10_init              scene_10_init
     0000000A  ___bank_scene_11_init              scene_11_init
     0000000A  ___bank_scene_17_actors            scene_17_actors
     0000000A  ___bank_scene_18_actors            scene_18_actors
     0000000A  ___bank_scene_18_init              scene_18_init
     0000000A  ___bank_scene_18_sprites           scene_18_sprites
     0000000A  ___bank_scene_19_init              scene_19_init
     0000000A  ___bank_scene_1_actors             scene_1_actors
     0000000A  ___bank_scene_20_actors            scene_20_actors
     0000000A  ___bank_scene_20_init              scene_20_init
     0000000A  ___bank_scene_2_actors             scene_2_actors
     0000000A  ___bank_scene_2_init               scene_2_init
     0000000A  ___bank_scene_3_actors             scene_3_actors
     0000000A  ___bank_scene_3_init               scene_3_init
     0000000A  ___bank_scene_3_p_hit1             scene_3_p_hit1
     0000000A  ___bank_scene_5_actors             scene_5_actors
     0000000A  ___bank_scene_5_init               scene_5_init
     0000000A  ___bank_scene_6_actors             scene_6_actors
     0000000A  ___bank_scene_6_init               scene_6_init
     0000000A  ___bank_scene_7_actors             scene_7_actors
     0000000A  ___bank_scene_9_actors             scene_9_actors
     0000000A  ___bank_scene_house_actors         scene_house_actors
     0000000A  ___bank_scene_menu_actors          scene_menu_actors
     0000000A  ___bank_scene_menu_init            scene_menu_init
     0000000A  ___bank_scene_title_screen_init    scene_title_screen_init
     0000000A  ___bank_sprite_banspeed            sprite_banspeed
     0000000A  ___bank_sprite_bar_and_filler_si   sprite_bar_and_filler_side__
     0000000A  ___bank_sprite_barfiller           sprite_barfiller
     0000000A  ___bank_sprite_barfiller_tileset   sprite_barfiller_tileset
     0000000A  ___bank_sprite_bunbun              sprite_bunbun
     0000000A  ___bank_sprite_bunbun3             sprite_bunbun3
     0000000A  ___bank_sprite_chomper             sprite_chomper
     0000000A  ___bank_sprite_clock_tileset       sprite_clock_tileset
     0000000A  ___bank_sprite_conex               sprite_conex
     0000000A  ___bank_sprite_conex_tileset       sprite_conex_tileset
     0000000A  ___bank_sprite_defence_training_   sprite_defence_training_tile
     0000000A  ___bank_sprite_egg                 sprite_egg
     0000000A  ___bank_sprite_egg_tileset         sprite_egg_tileset
     0000000A  ___bank_sprite_enemyhp_copy_tile   sprite_enemyhp_copy_tileset
     0000000A  ___bank_sprite_enemyhp_tileset     sprite_enemyhp_tileset
     0000000A  ___bank_sprite_gribble             sprite_gribble
ASxxxx Linker V03.00/V05.40 + sdld,  page 10.
Hexadecimal  [32-Bits]

Area                                    Addr        Size        Decimal Bytes (Attributes)
--------------------------------        ----        ----        ------- ----- ------------
.  .ABS.                            00000000    00000000 =           0. bytes (ABS,CON)

      Value  Global                              Global Defined In Module
      -----  --------------------------------   ------------------------
     0000000A  ___bank_sprite_gymequitment_tile   sprite_gymequitment_tileset
     0000000A  ___bank_sprite_melty               sprite_melty
     0000000A  ___bank_sprite_necro               sprite_necro
     0000000A  ___bank_sprite_paniel              sprite_paniel
     0000000A  ___bank_sprite_raptar              sprite_raptar
     0000000A  ___bank_sprite_runningmac_tilese   sprite_runningmac_tileset
     0000000A  ___bank_sprite_savesprite_tilese   sprite_savesprite_tileset
     0000000A  ___bank_sprite_scoket              sprite_scoket
     0000000A  ___bank_sprite_shieldy             sprite_shieldy
     0000000A  ___bank_sprite_snooty              sprite_snooty
     0000000A  ___bank_trigger_0_interact         trigger_0_interact
     0000000A  b_erase_flash                      
     0000000A  b_events_init                      events
     0000000A  b_itoa_fmt                         vm_ui_a
     0000000A  b_music_events_poll                music_manager
     0000000A  b_music_init_driver                music_manager
     0000000A  b_music_init_events                music_manager
     0000000A  b_restore_sram                     flasher
     0000000A  b_restore_sram_bank                flasher
     0000000A  b_save_sram                        flasher
     0000000A  b_save_sram_banks                  
     0000000A  b_timers_init                      events
     0000000A  b_vm_print_detect                  vm_gbprinter
     0000000A  b_vm_print_overlay                 vm_gbprinter
     0000000A  b_vm_projectile_launch             vm_projectiles
     0000000A  b_vm_projectile_load_type          vm_projectiles
     0000000A  b_vm_rtc_get                       vm_rtc
     0000000A  b_vm_rtc_latch                     vm_rtc
     0000000A  b_vm_rtc_set                       vm_rtc
     0000000A  b_vm_rtc_start                     vm_rtc
     0000000A  b_vm_save_clear                    vm_load_save
     0000000A  b_vm_save_peek                     vm_load_save
     0000000A  b_vm_scene_pop                     vm_scene
     0000000A  b_vm_scene_pop_all                 vm_scene
     0000000A  b_vm_scene_push                    vm_scene
     0000000A  b_vm_scene_stack_reset             vm_scene
     0000000B  ___bank_actor_0_update             actor_0_update
     0000000B  ___bank_actor_12_update            actor_12_update
     0000000B  ___bank_actor_1_interact           actor_1_interact
     0000000B  ___bank_actor_21_interact          actor_21_interact
     0000000B  ___bank_actor_22_interact          actor_22_interact
     0000000B  ___bank_actor_23_interact          actor_23_interact
     0000000B  ___bank_actor_24_update            actor_24_update
     0000000B  ___bank_actor_25_interact          actor_25_interact
     0000000B  ___bank_actor_29_update            actor_29_update
     0000000B  ___bank_actor_34_update            actor_34_update
     0000000B  ___bank_actor_39_update            actor_39_update
     0000000B  ___bank_actor_45_update            actor_45_update
     0000000B  ___bank_actor_46_update            actor_46_update
     0000000B  ___bank_actor_48_update            actor_48_update
     0000000B  ___bank_actor_4_interact           actor_4_interact
ASxxxx Linker V03.00/V05.40 + sdld,  page 11.
Hexadecimal  [32-Bits]

Area                                    Addr        Size        Decimal Bytes (Attributes)
--------------------------------        ----        ----        ------- ----- ------------
.  .ABS.                            00000000    00000000 =           0. bytes (ABS,CON)

      Value  Global                              Global Defined In Module
      -----  --------------------------------   ------------------------
     0000000B  ___bank_actor_50_update            actor_50_update
     0000000B  ___bank_actor_52_update            actor_52_update
     0000000B  ___bank_actor_54_update            actor_54_update
     0000000B  ___bank_actor_56_update            actor_56_update
     0000000B  ___bank_actor_58_update            actor_58_update
     0000000B  ___bank_actor_59_interact          actor_59_interact
     0000000B  ___bank_actor_5_interact           actor_5_interact
     0000000B  ___bank_actor_65_interact          actor_65_interact
     0000000B  ___bank_bg_banshpeed               bg_banshpeed
     0000000B  ___bank_bg_battle_master_house     bg_battle_master_house
     0000000B  ___bank_bg_bunbun2                 bg_bunbun2
     0000000B  ___bank_bg_colloseum               bg_colloseum
     0000000B  ___bank_bg_gribble                 bg_gribble
     0000000B  ___bank_bg_gym                     bg_gym
     0000000B  ___bank_bg_logo                    bg_logo
     0000000B  ___bank_bg_melty                   bg_melty
     0000000B  ___bank_bg_monster_selection       bg_monster_selection
     0000000B  ___bank_bg_nercohouse              bg_nercohouse
     0000000B  ___bank_bg_outsidelimted           bg_outsidelimted
     0000000B  ___bank_bg_paniel                  bg_paniel
     0000000B  ___bank_bg_pausestats              bg_pausestats
     0000000B  ___bank_bg_runninmachine           bg_runninmachine
     0000000B  ___bank_bg_shieldybig              bg_shieldybig
     0000000B  ___bank_bg_sleep                   bg_sleep
     0000000B  ___bank_bg_snooty                  bg_snooty
     0000000B  ___bank_bg_titlescreen             bg_titlescreen
     0000000B  ___bank_bg_us_2                    bg_us_2
     0000000B  ___bank_cursor_image               cursor_image
     0000000B  ___bank_palette_0                  palette_0
     0000000B  ___bank_palette_1                  palette_1
     0000000B  ___bank_scene_0                    scene_0
     0000000B  ___bank_scene_1                    scene_1
     0000000B  ___bank_scene_10                   scene_10
     0000000B  ___bank_scene_11                   scene_11
     0000000B  ___bank_scene_17                   scene_17
     0000000B  ___bank_scene_17_init              scene_17_init
     0000000B  ___bank_scene_17_sprites           scene_17_sprites
     0000000B  ___bank_scene_18                   scene_18
     0000000B  ___bank_scene_18_triggers          scene_18_triggers
     0000000B  ___bank_scene_19                   scene_19
     0000000B  ___bank_scene_19_actors            scene_19_actors
     0000000B  ___bank_scene_19_sprites           scene_19_sprites
     0000000B  ___bank_scene_1_sprites            scene_1_sprites
     0000000B  ___bank_scene_1_triggers           scene_1_triggers
     0000000B  ___bank_scene_2                    scene_2
     0000000B  ___bank_scene_20                   scene_20
     0000000B  ___bank_scene_20_sprites           scene_20_sprites
     0000000B  ___bank_scene_21                   scene_21
     0000000B  ___bank_scene_3                    scene_3
     0000000B  ___bank_scene_3_projectiles        scene_3_projectiles
     0000000B  ___bank_scene_3_sprites            scene_3_sprites
ASxxxx Linker V03.00/V05.40 + sdld,  page 12.
Hexadecimal  [32-Bits]

Area                                    Addr        Size        Decimal Bytes (Attributes)
--------------------------------        ----        ----        ------- ----- ------------
.  .ABS.                            00000000    00000000 =           0. bytes (ABS,CON)

      Value  Global                              Global Defined In Module
      -----  --------------------------------   ------------------------
     0000000B  ___bank_scene_4                    scene_4
     0000000B  ___bank_scene_4_actors             scene_4_actors
     0000000B  ___bank_scene_4_init               scene_4_init
     0000000B  ___bank_scene_4_sprites            scene_4_sprites
     0000000B  ___bank_scene_5                    scene_5
     0000000B  ___bank_scene_5_sprites            scene_5_sprites
     0000000B  ___bank_scene_6                    scene_6
     0000000B  ___bank_scene_6_sprites            scene_6_sprites
     0000000B  ___bank_scene_7                    scene_7
     0000000B  ___bank_scene_7_sprites            scene_7_sprites
     0000000B  ___bank_scene_9                    scene_9
     0000000B  ___bank_scene_9_sprites            scene_9_sprites
     0000000B  ___bank_scene_house                scene_house
     0000000B  ___bank_scene_house_sprites        scene_house_sprites
     0000000B  ___bank_scene_house_triggers       scene_house_triggers
     0000000B  ___bank_scene_logo                 scene_logo
     0000000B  ___bank_scene_logo_init            scene_logo_init
     0000000B  ___bank_scene_menu                 scene_menu
     0000000B  ___bank_scene_menu_sprites         scene_menu_sprites
     0000000B  ___bank_scene_outside              scene_outside
     0000000B  ___bank_scene_outside_sprites      scene_outside_sprites
     0000000B  ___bank_scene_outside_triggers     scene_outside_triggers
     0000000B  ___bank_scene_title_screen         scene_title_screen
     0000000B  ___bank_script_engine_init         
     0000000B  ___bank_script_input_0             script_input_0
     0000000B  ___bank_script_input_1             script_input_1
     0000000B  ___bank_script_input_3             script_input_3
     0000000B  ___bank_sprite_bar                 sprite_bar
     0000000B  ___bank_sprite_bar_side_           sprite_bar_side_
     0000000B  ___bank_sprite_bar_side__tileset   sprite_bar_side__tileset
     0000000B  ___bank_sprite_bar_tileset         sprite_bar_tileset
     0000000B  ___bank_sprite_bed                 sprite_bed
     0000000B  ___bank_sprite_bed_tileset         sprite_bed_tileset
     0000000B  ___bank_sprite_brick_2             sprite_brick_2
     0000000B  ___bank_sprite_brick_2_tileset     sprite_brick_2_tileset
     0000000B  ___bank_sprite_clock               sprite_clock
     0000000B  ___bank_sprite_defence_training    sprite_defence_training
     0000000B  ___bank_sprite_enemyhp             sprite_enemyhp
     0000000B  ___bank_sprite_enemyhp_copy        sprite_enemyhp_copy
     0000000B  ___bank_sprite_gymequitment        sprite_gymequitment
     0000000B  ___bank_sprite_jhoncena            sprite_jhoncena
     0000000B  ___bank_sprite_jhoncena_tileset    sprite_jhoncena_tileset
     0000000B  ___bank_sprite_raptar_copy         sprite_raptar_copy
     0000000B  ___bank_sprite_runningmac          sprite_runningmac
     0000000B  ___bank_sprite_savesprite          sprite_savesprite
     0000000B  ___bank_sprite_signpost            sprite_signpost
     0000000B  ___bank_sprite_signpost_tileset    sprite_signpost_tileset
     0000000B  ___bank_sprite_topdown             sprite_topdown
     0000000B  ___bank_sprite_topdown_tileset     sprite_topdown_tileset
     0000000B  ___bank_spritesheet_none           spritesheet_none
     0000000B  ___bank_trigger_1_interact         trigger_1_interact
ASxxxx Linker V03.00/V05.40 + sdld,  page 13.
Hexadecimal  [32-Bits]

Area                                    Addr        Size        Decimal Bytes (Attributes)
--------------------------------        ----        ----        ------- ----- ------------
.  .ABS.                            00000000    00000000 =           0. bytes (ABS,CON)

      Value  Global                              Global Defined In Module
      -----  --------------------------------   ------------------------
     0000000B  ___bank_trigger_2_interact         trigger_2_interact
     0000000B  ___bank_trigger_3_interact         trigger_3_interact
     0000000B  ___bank_trigger_4_interact         trigger_4_interact
     0000000B  ___bank_trigger_5_interact         trigger_5_interact
     0000000B  ___bank_trigger_6_interact         trigger_6_interact
     0000000B  b_SIO_init                         sio
     0000000B  b_camera_init                      camera
     0000000B  b_camera_reset                     camera
     0000000B  b_logo_init                        logo
     0000000B  b_logo_update                      logo
     0000000B  b_palette_init                     palette
     0000000B  b_parallax_init                    parallax
     0000000B  b_remove_LCD_ISRs                  interrupts
     0000000C  __start_save                    
     0000001A  l__INITIALIZED                  
     0000001A  l__INITIALIZER                  
     00000027  l__GSINIT                       
     00000030  l__HEADER7                      
     00000060  l__HEADER4                      
     000000AB  l__HEADER11                     
     000001CB  l__CRASH_SCRATCH2               
     00000200  s__CODE                         
     00000E5E  l__CODE                         
     0000105E  s__HOME                         
     0000150B  l__CODE_11                      
     00001992  l__DATA                         
     00002000  _rROMB0                            
     000029C5  l__HOME                         
     00003000  _rROMB1                            
     00003A23  s__BASE                         
     00003A23  s__CODE_0                       
     00003A23  s__INITIALIZER                  
     00003A23  s__LIT                          
     00003A3D  s__GSINIT                       
     00003A64  s__GSFINAL                      
     00003FFE  l__CODE_10                      
     00003FFE  l__CODE_4                       
     00003FFF  l__CODE_1                       
     00003FFF  l__CODE_3                       
     00003FFF  l__CODE_6                       
     00003FFF  l__CODE_9                       
     00004000  _RTC_SELECT_REG                    vm_rtc
     00004000  _rRAMB                             
     00004000  l__CODE_2                       
     00004000  l__CODE_5                       
     00004000  l__CODE_7                       
     00004000  l__CODE_8                       
     00006000  _RTC_LATCH_REG                     vm_rtc
     00008000  __VRAM                             
     00008000  __VRAM8000                         
     00008800  __VRAM8800                         
ASxxxx Linker V03.00/V05.40 + sdld,  page 14.
Hexadecimal  [32-Bits]

Area                                    Addr        Size        Decimal Bytes (Attributes)
--------------------------------        ----        ----        ------- ----- ------------
.  .ABS.                            00000000    00000000 =           0. bytes (ABS,CON)

      Value  Global                              Global Defined In Module
      -----  --------------------------------   ------------------------
     00009000  __VRAM9000                         
     00009800  __SCRN0                            
     00009C00  __SCRN1                            
     0000A000  _RTC_VALUE_REG                     vm_rtc
     0000A000  __SRAM                             
     0000C000  __RAM                              
     0000C000  _shadow_OAM                     
     0000C0A0  s__DATA                         
     0000D000  __RAMBANK                          
     0000DA32  s__BSS                          
     0000DA32  s__INITIALIZED                  
     0000DA4C  s__HEAP                         
     0000DA4C  s__HEAP_END                     
     0000DF00  .STACK                          
     0000DF00  _shadow_OAM2                       absolute
     0000DFA0  _BkgPalette                        absolute
     0000DFE0  _vwf_tile_data                     absolute
     0000FE00  __OAMRAM                           
     0000FF00  _P1_REG                            
     0000FF00  __IO                               
     0000FF01  _SB_REG                            
     0000FF02  _SC_REG                            
     0000FF04  _DIV_REG                           
     0000FF05  _TIMA_REG                          
     0000FF06  _TMA_REG                           
     0000FF07  _TAC_REG                           
     0000FF0F  _IF_REG                            
     0000FF10  _NR10_REG                          
     0000FF11  _NR11_REG                          
     0000FF12  _NR12_REG                          
     0000FF13  _NR13_REG                          
     0000FF14  _NR14_REG                          
     0000FF16  _NR21_REG                          
     0000FF17  _NR22_REG                          
     0000FF18  _NR23_REG                          
     0000FF19  _NR24_REG                          
     0000FF1A  _NR30_REG                          
     0000FF1B  _NR31_REG                          
     0000FF1C  _NR32_REG                          
     0000FF1D  _NR33_REG                          
     0000FF1E  _NR34_REG                          
     0000FF20  _NR41_REG                          
     0000FF21  _NR42_REG                          
     0000FF22  _NR43_REG                          
     0000FF23  _NR44_REG                          
     0000FF24  _NR50_REG                          
     0000FF25  _NR51_REG                          
     0000FF26  _NR52_REG                          
     0000FF30  _AUD3WAVE                          
     0000FF30  _PCM_SAMPLE                        
     0000FF30  __AUD3WAVERAM                      
ASxxxx Linker V03.00/V05.40 + sdld,  page 15.
Hexadecimal  [32-Bits]

Area                                    Addr        Size        Decimal Bytes (Attributes)
--------------------------------        ----        ----        ------- ----- ------------
.  .ABS.                            00000000    00000000 =           0. bytes (ABS,CON)

      Value  Global                              Global Defined In Module
      -----  --------------------------------   ------------------------
     0000FF40  _LCDC_REG                          
     0000FF41  _STAT_REG                          
     0000FF42  _SCY_REG                           
     0000FF43  _SCX_REG                           
     0000FF44  _LY_REG                            
     0000FF45  _LYC_REG                           
     0000FF46  _DMA_REG                           
     0000FF47  _BGP_REG                           
     0000FF48  _OBP0_REG                          
     0000FF49  _OBP1_REG                          
     0000FF4A  _WY_REG                            
     0000FF4B  _WX_REG                            
     0000FF4D  _KEY1_REG                          
     0000FF4F  _VBK_REG                           
     0000FF51  _HDMA1_REG                         
     0000FF52  _HDMA2_REG                         
     0000FF53  _HDMA3_REG                         
     0000FF54  _HDMA4_REG                         
     0000FF55  _HDMA5_REG                         
     0000FF56  _RP_REG                            
     0000FF68  _BCPS_REG                          
     0000FF69  _BCPD_REG                          
     0000FF6A  _OCPS_REG                          
     0000FF6B  _OCPD_REG                          
     0000FF70  _SVBK_REG                          
     0000FF76  _PCM12_REG                         
     0000FF77  _PCM34_REG                         
     0000FF80  .refresh_OAM                    
     0000FF80  __HRAM                             
     0000FFFF  _IE_REG                            
     00014000  s__CODE_1                       
     00024000  s__CODE_2                       
     00034000  s__CODE_3                       
     00044000  s__CODE_4                       
     00054000  s__CODE_5                       
     00064000  s__CODE_6                       
     00074000  s__CODE_7                       
     00084000  s__CODE_8                       
     00094000  s__CODE_9                       
     000A4000  s__CODE_10                      
     000B4000  s__CODE_11                      

ASxxxx Linker V03.00/V05.40 + sdld,  page 16.
Hexadecimal  [32-Bits]

Area                                    Addr        Size        Decimal Bytes (Attributes)
--------------------------------        ----        ----        ------- ----- ------------
_CODE                               00000200    00000E5E =        3678. bytes (REL,CON)

      Value  Global                              Global Defined In Module
      -----  --------------------------------   ------------------------
     00000200  ___HandleCrash                     
     0000020A  _SIO_send_byte                     
     0000021D  _SIO_receive                       
     0000022E  _GetWinAddr                        
     00000236  _GetBkgAddr                        
     00000244  _state_init                        
     00000249  _state_update                      
     0000026B  _ui_time_masks                     
     00000273  _ui_print_shift_char               
     000002F6  _ui_draw_frame_row                 
     000002FF  .ui_draw_frame_row                 
     00000328  _script_cmds                       vm_instructions
     00000560  _save_signature                    game_signature
     00000564  _start_scene_x                     
     00000566  _start_scene_y                     
     00000568  _start_scene_dir                   
     00000569  _start_scene                       
     0000056C  _start_player_move_speed           
     0000056D  _start_player_anim_tick            
     0000056E  _ui_fonts                          
     00000571  _core_reset_hook                   main
     00000579  _main                              main
     00000581  _state_start_fns                   
     00000593  _state_update_fns                  
     000005A5  _hUGE_init                         hUGEDriver_obj
     000005A7  hUGE_init                          hUGEDriver_obj
     000005FD  _hUGE_mute_channel                 hUGEDriver_obj
     000005FF  hUGE_mute_channel                  hUGEDriver_obj
     0000084D  _hUGE_set_position                 hUGEDriver_obj
     0000084F  hUGE_set_position                  hUGEDriver_obj
     00000A14  _hUGE_dosound                      hUGEDriver_obj
     00000A14  hUGE_dosound                       hUGEDriver_obj
     00000D40  _get_vram_byte                     
     00000D48  _get_win_tile_xy                   
     00000D50  _get_bkg_tile_xy                   
     00000D77  _hide_sprites_range                Metasprites
     00000DA6  __mulsuchar                        mul
     00000DA9  __muluschar                        mul
     00000DB2  __mulschar                         mul
     00000DBA  __mulint                           mul
     00000DD9  __muluchar                         mul
     00000DEB  _set_vram_byte                     
     00000DF4  _set_win_tile_xy                   
     00000DFC  _set_bkg_tile_xy                   
     00000E26  .sgb_check                         
     00000E26  _sgb_check                         
     00000E6E  _sgb_transfer                      
     00000E73  .sgb_transfer                      
     00000EB4  .copy_vram                         
     00000EBA  _get_data                          
ASxxxx Linker V03.00/V05.40 + sdld,  page 17.
Hexadecimal  [32-Bits]

Area                                    Addr        Size        Decimal Bytes (Attributes)
--------------------------------        ----        ----        ------- ----- ------------
_CODE                               00000200    00000E5E =        3678. bytes (REL,CON)

      Value  Global                              Global Defined In Module
      -----  --------------------------------   ------------------------
     00000EBA  _set_data                          
     00000EBA  _vmemcpy                           
     00000F08  ___move_metasprite                 Metasprites
     00000F45  ___memcpy                          
     00000F45  _memcpy                            
     00000F77  __divsuchar                        divmod
     00000F7D  __modsuchar                        divmod
     00000F86  __divuschar                        divmod
     00000F8F  __moduschar                        divmod
     00000F9B  __divschar                         divmod
     00000FA0  __modschar                         divmod
     00000FA7  __divsint                          divmod
     00000FB0  __modsint                          divmod
     00000FBC  __divuchar                         divmod
     00000FC1  __moduchar                         divmod
     00000FC8  __divuint                          divmod
     00000FD1  __moduint                          divmod
     00000FDD  .div8                              divmod
     00000FDD  .mod8                              divmod
     00000FE5  .div16                             divmod
     00000FE5  .mod16                             divmod
     0000101B  .divu8                             divmod
     0000101B  .modu8                             divmod
     0000101E  .divu16                            divmod
     0000101E  .modu16                            divmod
ASxxxx Linker V03.00/V05.40 + sdld,  page 18.
Hexadecimal  [32-Bits]

Area                                    Addr        Size        Decimal Bytes (Attributes)
--------------------------------        ----        ----        ------- ----- ------------
_HEADER0                            00000000    00000001 =           1. bytes (ABS,CON)

      Value  Global                              Global Defined In Module
      -----  --------------------------------   ------------------------
     00000020  .call_hl                           Runtime

ASxxxx Linker V03.00/V05.40 + sdld,  page 19.
Hexadecimal  [32-Bits]

Area                                    Addr        Size        Decimal Bytes (Attributes)
--------------------------------        ----        ----        ------- ----- ------------
_HEADER1                            00000000    00000005 =           5. bytes (ABS,CON)

      Value  Global                              Global Defined In Module
      -----  --------------------------------   ------------------------
     00000028  .MemsetSmall                       Runtime

ASxxxx Linker V03.00/V05.40 + sdld,  page 20.
Hexadecimal  [32-Bits]

Area                                    Addr        Size        Decimal Bytes (Attributes)
--------------------------------        ----        ----        ------- ----- ------------
_HEADER2                            00000000    00000007 =           7. bytes (ABS,CON)

      Value  Global                              Global Defined In Module
      -----  --------------------------------   ------------------------
     00000030  .MemcpySmall                       Runtime

ASxxxx Linker V03.00/V05.40 + sdld,  page 21.
Hexadecimal  [32-Bits]

Area                                    Addr        Size        Decimal Bytes (Attributes)
--------------------------------        ----        ----        ------- ----- ------------
_HEADER3                            00000000    00000008 =           8. bytes (ABS,CON)

      Value  Global                              Global Defined In Module
      -----  --------------------------------   ------------------------
ASxxxx Linker V03.00/V05.40 + sdld,  page 22.
Hexadecimal  [32-Bits]

Area                                    Addr        Size        Decimal Bytes (Attributes)
--------------------------------        ----        ----        ------- ----- ------------
_HEADER4                            00000000    00000060 =          96. bytes (ABS,CON)

      Value  Global                              Global Defined In Module
      -----  --------------------------------   ------------------------
     00000080  .int                               Runtime
     0000008F  _wait_int_handler                  Runtime
     0000009C  __standard_VBL_handler             Runtime
     000000AB  _refresh_OAM                       Runtime
     000000CC  _set_interrupts                    Runtime

ASxxxx Linker V03.00/V05.40 + sdld,  page 23.
Hexadecimal  [32-Bits]

Area                                    Addr        Size        Decimal Bytes (Attributes)
--------------------------------        ----        ----        ------- ----- ------------
_HEADER5                            00000000    00000001 =           1. bytes (ABS,CON)

      Value  Global                              Global Defined In Module
      -----  --------------------------------   ------------------------
ASxxxx Linker V03.00/V05.40 + sdld,  page 24.
Hexadecimal  [32-Bits]

Area                                    Addr        Size        Decimal Bytes (Attributes)
--------------------------------        ----        ----        ------- ----- ------------
_HEADER6                            00000000    00000002 =           2. bytes (ABS,CON)

      Value  Global                              Global Defined In Module
      -----  --------------------------------   ------------------------
ASxxxx Linker V03.00/V05.40 + sdld,  page 25.
Hexadecimal  [32-Bits]

Area                                    Addr        Size        Decimal Bytes (Attributes)
--------------------------------        ----        ----        ------- ----- ------------
_HEADER7                            00000000    00000030 =          48. bytes (ABS,CON)

      Value  Global                              Global Defined In Module
      -----  --------------------------------   ------------------------
ASxxxx Linker V03.00/V05.40 + sdld,  page 26.
Hexadecimal  [32-Bits]

Area                                    Addr        Size        Decimal Bytes (Attributes)
--------------------------------        ----        ----        ------- ----- ------------
_HEADER8                            00000000    00000006 =           6. bytes (ABS,CON)

      Value  Global                              Global Defined In Module
      -----  --------------------------------   ------------------------
ASxxxx Linker V03.00/V05.40 + sdld,  page 27.
Hexadecimal  [32-Bits]

Area                                    Addr        Size        Decimal Bytes (Attributes)
--------------------------------        ----        ----        ------- ----- ------------
_HEADER9                            00000000    00000003 =           3. bytes (ABS,CON)

      Value  Global                              Global Defined In Module
      -----  --------------------------------   ------------------------
ASxxxx Linker V03.00/V05.40 + sdld,  page 28.
Hexadecimal  [32-Bits]

Area                                    Addr        Size        Decimal Bytes (Attributes)
--------------------------------        ----        ----        ------- ----- ------------
_HEADERa                            00000000    00000001 =           1. bytes (ABS,CON)

      Value  Global                              Global Defined In Module
      -----  --------------------------------   ------------------------
ASxxxx Linker V03.00/V05.40 + sdld,  page 29.
Hexadecimal  [32-Bits]

Area                                    Addr        Size        Decimal Bytes (Attributes)
--------------------------------        ----        ----        ------- ----- ------------
_HEADERb                            00000000    00000001 =           1. bytes (ABS,CON)

      Value  Global                              Global Defined In Module
      -----  --------------------------------   ------------------------
ASxxxx Linker V03.00/V05.40 + sdld,  page 30.
Hexadecimal  [32-Bits]

Area                                    Addr        Size        Decimal Bytes (Attributes)
--------------------------------        ----        ----        ------- ----- ------------
_HEADERc                            00000000    00000001 =           1. bytes (ABS,CON)

      Value  Global                              Global Defined In Module
      -----  --------------------------------   ------------------------
ASxxxx Linker V03.00/V05.40 + sdld,  page 31.
Hexadecimal  [32-Bits]

Area                                    Addr        Size        Decimal Bytes (Attributes)
--------------------------------        ----        ----        ------- ----- ------------
_HEADERd                            00000000    00000002 =           2. bytes (ABS,CON)

      Value  Global                              Global Defined In Module
      -----  --------------------------------   ------------------------
ASxxxx Linker V03.00/V05.40 + sdld,  page 32.
Hexadecimal  [32-Bits]

Area                                    Addr        Size        Decimal Bytes (Attributes)
--------------------------------        ----        ----        ------- ----- ------------
_HEADERe                            00000000    00000001 =           1. bytes (ABS,CON)

      Value  Global                              Global Defined In Module
      -----  --------------------------------   ------------------------
ASxxxx Linker V03.00/V05.40 + sdld,  page 33.
Hexadecimal  [32-Bits]

Area                                    Addr        Size        Decimal Bytes (Attributes)
--------------------------------        ----        ----        ------- ----- ------------
_HEADERf                            00000000    00000001 =           1. bytes (ABS,CON)

      Value  Global                              Global Defined In Module
      -----  --------------------------------   ------------------------
ASxxxx Linker V03.00/V05.40 + sdld,  page 34.
Hexadecimal  [32-Bits]

Area                                    Addr        Size        Decimal Bytes (Attributes)
--------------------------------        ----        ----        ------- ----- ------------
_HEADER10                           00000000    00000002 =           2. bytes (ABS,CON)

      Value  Global                              Global Defined In Module
      -----  --------------------------------   ------------------------
ASxxxx Linker V03.00/V05.40 + sdld,  page 35.
Hexadecimal  [32-Bits]

Area                                    Addr        Size        Decimal Bytes (Attributes)
--------------------------------        ----        ----        ------- ----- ------------
_HEADER11                           00000000    000000AB =         171. bytes (ABS,CON)

      Value  Global                              Global Defined In Module
      -----  --------------------------------   ------------------------
     00000150  .reset                             Runtime
     00000150  _reset                             Runtime
     00000157  .code_start                        Runtime
     000001B9  _exit                              Runtime
     000001BD  .wait_vbl_done                     Runtime
     000001BD  _vsync                             Runtime
     000001BD  _wait_vbl_done                     Runtime
     000001CD  .remove_VBL                        Runtime
     000001CD  _remove_VBL                        Runtime
     000001D0  .remove_int                        Runtime
     000001ED  .add_VBL                           Runtime
     000001ED  _add_VBL                           Runtime
     000001F0  .add_int                           Runtime

ASxxxx Linker V03.00/V05.40 + sdld,  page 36.
Hexadecimal  [32-Bits]

Area                                    Addr        Size        Decimal Bytes (Attributes)
--------------------------------        ----        ----        ------- ----- ------------
_HOME                               0000105E    000029C5 =       10693. bytes (REL,CON)

      Value  Global                              Global Defined In Module
      -----  --------------------------------   ------------------------
     0000105E  .memset_simple                     Runtime
     00001067  .memcpy_simple                     Runtime
     00001084  .display_off                       Runtime
     00001084  _display_off                       Runtime
     0000109C  _actors_update                     actor
     0000148F  _SetBankedBkgData                  bankdata
     000014AB  _SetBankedSpriteData               bankdata
     000014C7  _SetBankedBkgTiles                 bankdata
     000014E3  _SetBankedWinTiles                 bankdata
     000014FF  _ReadBankedFarPtr                  bankdata
     00001521  _ReadBankedUWORD                   bankdata
     0000153B  _MemcpyBanked                      bankdata
     0000155D  _MemcpyVRAMBanked                  bankdata
     0000158C  _IndexOfFarPtr                     bankdata
     00001611  _camera_update                     camera
     00001744  _load_animations                   data_manager
     0000179D  _events_update                     events
     00001870  _timers_update                     events
     000018F9  _input_update                      input
     0000191C  .sio_ISR                           
     00001976  .timer_ISR                         
     0000198B  _simple_LCD_isr                    interrupts
     00001A0A  _fullscreen_LCD_isr                interrupts
     00001A36  _VBL_isr                           interrupts
     00001A80  _isqrt                             math
     00001ADD  _sine_wave                         math
     00001BDD  _dir_lookup                        math
     00001BE5  _dir_angle_lookup                  math
     00001BE9  _hUGETrackerRoutine                music_manager
     00001C10  _music_events_update               music_manager
     00001C92  _music_play_isr                    music_manager
     00001D33  _parallax_LCD_isr                  parallax
     00001D70  _projectiles_update                projectiles
     000021F1  _projectiles_render                projectiles
     00002346  _scroll_load_pending_row           scroll
     00002394  _scroll_load_row                   scroll
     000023D4  _scroll_load_col                   scroll
     00002409  _scroll_load_pending_col           scroll
     00002458  _set_bkg_submap                    
     0000249B  _set_xy_win_submap                 
     000024C8  .set_xy_win_submap                 
     000024D1  .set_xy_bkg_submap                 
     000024E0  .set_xy_submap                     
     0000252A  _sfx_play_isr                      sfx_player
     00002603  _on_SIO_receive                    sio
     00002644  _SIO_update                        sio
     000026AB  _ui_update                         ui
     000027E3  _vm_sgb_transfer                   vm_sgb
     00002830  _vm_load_text                      vm_ui
     00002A86  _vm_switch                         vm
ASxxxx Linker V03.00/V05.40 + sdld,  page 37.
Hexadecimal  [32-Bits]

Area                                    Addr        Size        Decimal Bytes (Attributes)
--------------------------------        ----        ----        ------- ----- ------------
_HOME                               0000105E    000029C5 =       10693. bytes (REL,CON)

      Value  Global                              Global Defined In Module
      -----  --------------------------------   ------------------------
     00002BB7  _vm_beginthread                    vm
     00002CDB  _vm_rpn                            vm
     000034B4  _vm_get_far                        vm
     00003522  _vm_call_native                    vm
     00003535  _VM_STEP                           vm
     0000359F  _script_runner_update              vm
     00003704  _fill_win_rect                     
     00003716  _rand                              
     00003716  _randw                             
     00003741  _initrand                          
     00003743  .initrand                          
     0000374C  _get_bkg_data                      
     0000374C  _get_win_data                      
     00003799  _get_sprite_data                   
     000037CC  _abs                               abs
     000037DB  _set_win_tiles                     
     000037EF  _set_tile_data                     
     000037F4  _set_bkg_data                      
     000037F4  _set_win_data                      
     000037FC  _set_sprite_data                   
     0000382C  _reverse                           reverse
     00003860  ___call__banked                    far_ptr
     0000387D  _to_far_ptr                        far_ptr
     000038B3  .add_LCD                           
     000038B3  _add_LCD                           
     000038B9  .remove_LCD                        
     000038B9  _remove_LCD                        
     000038BF  .fill_rect_wtt                     
     000038C8  .fill_rect_btt                     
     00003915  _fill_bkg_rect                     
     00003927  .padup                             
     00003927  _waitpadup                         
     00003937  .jpad                              
     00003937  _joypad                            
     0000395F  _waitpad                           
     00003960  .wait_pad                          
     00003967  ___sdcc_call_hl                    call_hl
     00003968  _memset                            memset
     0000399B  .set_xy_wtt                        SetTileMap
     000039A4  .set_xy_btt                        SetTileMap
     000039B3  .set_xy_tt                         SetTileMap
     000039F5  ___sdcc_bcall_ehl                  
     00003A0F  _set_bkg_tiles                     
ASxxxx Linker V03.00/V05.40 + sdld,  page 38.
Hexadecimal  [32-Bits]

Area                                    Addr        Size        Decimal Bytes (Attributes)
--------------------------------        ----        ----        ------- ----- ------------
_INITIALIZER                        00003A23    0000001A =          26. bytes (REL,CON)

      Value  Global                              Global Defined In Module
      -----  --------------------------------   ------------------------
ASxxxx Linker V03.00/V05.40 + sdld,  page 39.
Hexadecimal  [32-Bits]

Area                                    Addr        Size        Decimal Bytes (Attributes)
--------------------------------        ----        ----        ------- ----- ------------
_GSINIT                             00003A3D    00000027 =          39. bytes (REL,CON)

      Value  Global                              Global Defined In Module
      -----  --------------------------------   ------------------------
     00003A3D  gsinit                             Runtime

ASxxxx Linker V03.00/V05.40 + sdld,  page 40.
Hexadecimal  [32-Bits]

Area                                    Addr        Size        Decimal Bytes (Attributes)
--------------------------------        ----        ----        ------- ----- ------------
_GSFINAL                            00003A64    00000001 =           1. bytes (REL,CON)

      Value  Global                              Global Defined In Module
      -----  --------------------------------   ------------------------
ASxxxx Linker V03.00/V05.40 + sdld,  page 41.
Hexadecimal  [32-Bits]

Area                                    Addr        Size        Decimal Bytes (Attributes)
--------------------------------        ----        ----        ------- ----- ------------
_DATA                               0000C0A0    00001992 =        6546. bytes (REL,CON)

      Value  Global                              Global Defined In Module
      -----  --------------------------------   ------------------------
     0000C0A0  __cpu                              Runtime
     0000C0A1  __is_GBA                           Runtime
     0000C0A2  .mode                              Runtime
     0000C0A3  .sys_time                          Runtime
     0000C0A3  _sys_time                          Runtime
     0000C0A5  .int_0x40                          Runtime
     0000C0B1  _actors                            actor
     0000C4F5  _actors_active_head                actor
     0000C4F7  _actors_active_tail                actor
     0000C4F9  _actors_inactive_head              actor
     0000C4FB  _screen_x                          actor
     0000C4FC  _screen_y                          actor
     0000C4FD  _invalid                           actor
     0000C4FF  _player_moving                     actor
     0000C500  _player_iframes                    actor
     0000C501  _player_collision_actor            actor
     0000C503  _emote_actor                       actor
     0000C505  _emote_timer                       actor
     0000C506  _allocated_sprite_tiles            actor
     0000C507  _allocated_hardware_sprites        actor
     0000C513  _camera_x                          camera
     0000C515  _camera_y                          camera
     0000C517  _camera_offset_x                   camera
     0000C518  _camera_offset_y                   camera
     0000C519  _camera_deadzone_x                 camera
     0000C51A  _camera_deadzone_y                 camera
     0000C51B  _camera_settings                   camera
     0000C51F  _current_scene                     data_manager
     0000C522  _image_bank                        data_manager
     0000C523  _image_ptr                         data_manager
     0000C525  _image_attr_bank                   data_manager
     0000C526  _image_attr_ptr                    data_manager
     0000C528  _collision_bank                    data_manager
     0000C529  _collision_ptr                     data_manager
     0000C52B  _image_tile_width                  data_manager
     0000C52C  _image_tile_height                 data_manager
     0000C52D  _image_width                       data_manager
     0000C52F  _image_height                      data_manager
     0000C531  _sprites_len                       data_manager
     0000C532  _actors_len                        data_manager
     0000C533  _projectiles_len                   data_manager
     0000C534  _player_sprite_len                 data_manager
     0000C535  _scene_type                        data_manager
     0000C536  _scene_LCD_type                    data_manager
     0000C537  _scene_stack                       data_manager
     0000C577  _scene_stack_ptr                   data_manager
     0000C579  _scene_sprites_base_tiles          data_manager
     0000C5B9  _input_events                      events
     0000C5E1  _input_slots                       events
     0000C5E9  _timer_events                      events
ASxxxx Linker V03.00/V05.40 + sdld,  page 42.
Hexadecimal  [32-Bits]

Area                                    Addr        Size        Decimal Bytes (Attributes)
--------------------------------        ----        ----        ------- ----- ------------
_DATA                               0000C0A0    00001992 =        6546. bytes (REL,CON)

      Value  Global                              Global Defined In Module
      -----  --------------------------------   ------------------------
     0000C5FD  _timer_values                      events
     0000C605  _fade_running                      fade_manager
     0000C606  _fade_frames_per_step              fade_manager
     0000C607  _fade_timer                        fade_manager
     0000C60F  _joypads                           input
     0000C614  _frame_joy                         input
     0000C615  _last_joy                          input
     0000C616  _recent_joy                        input
     0000C617  _SIO_status                        
     0000C618  _link_byte_sent                    
     0000C619  _link_next_mode                    
     0000C61A  _save_blob_size                    load_save
     0000C61C  _routine_queue                     music_manager
     0000C620  _routine_queue_head                music_manager
     0000C621  _routine_queue_tail                music_manager
     0000C622  _music_events                      music_manager
     0000C636  _music_current_track_bank          music_manager
     0000C637  _music_mute_mask                   music_manager
     0000C638  _music_effective_mute              music_manager
[...]
C:/Users/niksy/AppData/Local/Temp/_gbsbuild/obj/scene_9_collisions.rel
                                          [ scene_9_collisions ]
C:/Users/niksy/AppData/Local/Temp/_gbsbuild/obj/scene_9_init.rel
                                          [ scene_9_init ]
C:/Users/niksy/AppData/Local/Temp/_gbsbuild/obj/scene_9_sprites.rel
                                          [ scene_9_sprites ]
C:/Users/niksy/AppData/Local/Temp/_gbsbuild/obj/scene_9.rel
                                          [ scene_9 ]
C:/Users/niksy/AppData/Local/Temp/_gbsbuild/obj/scene_house_actors.rel
                                          [ scene_house_actors ]
C:/Users/niksy/AppData/Local/Temp/_gbsbuild/obj/scene_house_collisions.rel
                                          [ scene_house_collisions ]
C:/Users/niksy/AppData/Local/Temp/_gbsbuild/obj/scene_house_init.rel
                                          [ scene_house_init ]
C:/Users/niksy/AppData/Local/Temp/_gbsbuild/obj/scene_house_sprites.rel
                                          [ scene_house_sprites ]
C:/Users/niksy/AppData/Local/Temp/_gbsbuild/obj/scene_house_triggers.rel
                                          [ scene_house_triggers ]
C:/Users/niksy/AppData/Local/Temp/_gbsbuild/obj/scene_house.rel
                                          [ scene_house ]
C:/Users/niksy/AppData/Local/Temp/_gbsbuild/obj/scene_logo_collisions.rel
                                          [ scene_logo_collisions ]
C:/Users/niksy/AppData/Local/Temp/_gbsbuild/obj/scene_logo_init.rel
                                          [ scene_logo_init ]
C:/Users/niksy/AppData/Local/Temp/_gbsbuild/obj/scene_logo.rel
                                          [ scene_logo ]
C:/Users/niksy/AppData/Local/Temp/_gbsbuild/obj/scene_menu_actors.rel
                                          [ scene_menu_actors ]
C:/Users/niksy/AppData/Local/Temp/_gbsbuild/obj/scene_menu_collisions.rel
                                          [ scene_menu_collisions ]
C:/Users/niksy/AppData/Local/Temp/_gbsbuild/obj/scene_menu_init.rel
                                          [ scene_menu_init ]
C:/Users/niksy/AppData/Local/Temp/_gbsbuild/obj/scene_menu_sprites.rel
                                          [ scene_menu_sprites ]
C:/Users/niksy/AppData/Local/Temp/_gbsbuild/obj/scene_menu.rel
                                          [ scene_menu ]
C:/Users/niksy/AppData/Local/Temp/_gbsbuild/obj/scene_outside_actors.rel
                                          [ scene_outside_actors ]
C:/Users/niksy/AppData/Local/Temp/_gbsbuild/obj/scene_outside_collisions.rel
                                          [ scene_outside_collisions ]
C:/Users/niksy/AppData/Local/Temp/_gbsbuild/obj/scene_outside_init.rel
                                          [ scene_outside_init ]
C:/Users/niksy/AppData/Local/Temp/_gbsbuild/obj/scene_outside_sprites.rel
                                          [ scene_outside_sprites ]
C:/Users/niksy/AppData/Local/Temp/_gbsbuild/obj/scene_outside_triggers.rel
                                          [ scene_outside_triggers ]
C:/Users/niksy/AppData/Local/Temp/_gbsbuild/obj/scene_outside.rel
                                          [ scene_outside ]
C:/Users/niksy/AppData/Local/Temp/_gbsbuild/obj/scene_title_screen_collisions.rel
                                          [ scene_title_screen_collisions ]
C:/Users/niksy/AppData/Local/Temp/_gbsbuild/obj/scene_title_screen_init.rel
                                          [ scene_title_screen_init ]
C:/Users/niksy/AppData/Local/Temp/_gbsbuild/obj/scene_title_screen.rel
                                          [ scene_title_screen ]
C:/Users/niksy/AppData/Local/Temp/_gbsbuild/obj/script_engine_init.rel
                                          [  ]
C:/Users/niksy/AppData/Local/Temp/_gbsbuild/obj/script_init_menu.rel
                                          [ script_init_menu ]
C:/Users/niksy/AppData/Local/Temp/_gbsbuild/obj/script_input_0.rel
                                          [ script_input_0 ]
C:/Users/niksy/AppData/Local/Temp/_gbsbuild/obj/script_input_1.rel
                                          [ script_input_1 ]
C:/Users/niksy/AppData/Local/Temp/_gbsbuild/obj/script_input_2.rel
                                          [ script_input_2 ]
C:/Users/niksy/AppData/Local/Temp/_gbsbuild/obj/script_input_3.rel
                                          [ script_input_3 ]
C:/Users/niksy/AppData/Local/Temp/_gbsbuild/obj/sprite_banspeed_tileset.rel
                                          [ sprite_banspeed_tileset ]
C:/Users/niksy/AppData/Local/Temp/_gbsbuild/obj/sprite_banspeed.rel
                                          [ sprite_banspeed ]
C:/Users/niksy/AppData/Local/Temp/_gbsbuild/obj/sprite_bar_and_filler_side__tileset.rel
                                          [ sprite_bar_and_filler_side__tile ]
C:/Users/niksy/AppData/Local/Temp/_gbsbuild/obj/sprite_bar_and_filler_side_.rel
                                          [ sprite_bar_and_filler_side_ ]
C:/Users/niksy/AppData/Local/Temp/_gbsbuild/obj/sprite_bar_side__tileset.rel
                                          [ sprite_bar_side__tileset ]
C:/Users/niksy/AppData/Local/Temp/_gbsbuild/obj/sprite_bar_side_.rel
                                          [ sprite_bar_side_ ]
C:/Users/niksy/AppData/Local/Temp/_gbsbuild/obj/sprite_bar_tileset.rel
                                          [ sprite_bar_tileset ]
C:/Users/niksy/AppData/Local/Temp/_gbsbuild/obj/sprite_bar.rel
                                          [ sprite_bar ]
C:/Users/niksy/AppData/Local/Temp/_gbsbuild/obj/sprite_barfiller_tileset.rel
                                          [ sprite_barfiller_tileset ]
C:/Users/niksy/AppData/Local/Temp/_gbsbuild/obj/sprite_barfiller.rel
                                          [ sprite_barfiller ]
C:/Users/niksy/AppData/Local/Temp/_gbsbuild/obj/sprite_battle_master_house1_tileset.rel
                                          [ sprite_battle_master_house1_tile ]
C:/Users/niksy/AppData/Local/Temp/_gbsbuild/obj/sprite_battle_master_house1.rel
                                          [ sprite_battle_master_house1 ]
C:/Users/niksy/AppData/Local/Temp/_gbsbuild/obj/sprite_bed_tileset.rel
                                          [ sprite_bed_tileset ]
C:/Users/niksy/AppData/Local/Temp/_gbsbuild/obj/sprite_bed.rel
                                          [ sprite_bed ]
C:/Users/niksy/AppData/Local/Temp/_gbsbuild/obj/sprite_brick_2_tileset.rel
                                          [ sprite_brick_2_tileset ]
C:/Users/niksy/AppData/Local/Temp/_gbsbuild/obj/sprite_brick_2.rel
                                          [ sprite_brick_2 ]
C:/Users/niksy/AppData/Local/Temp/_gbsbuild/obj/sprite_bunbun_tileset.rel
                                          [ sprite_bunbun_tileset ]
C:/Users/niksy/AppData/Local/Temp/_gbsbuild/obj/sprite_bunbun.rel
                                          [ sprite_bunbun ]
C:/Users/niksy/AppData/Local/Temp/_gbsbuild/obj/sprite_bunbun3_tileset.rel
                                          [ sprite_bunbun3_tileset ]
C:/Users/niksy/AppData/Local/Temp/_gbsbuild/obj/sprite_bunbun3.rel
                                          [ sprite_bunbun3 ]
C:/Users/niksy/AppData/Local/Temp/_gbsbuild/obj/sprite_chomper_tileset.rel
                                          [ sprite_chomper_tileset ]
C:/Users/niksy/AppData/Local/Temp/_gbsbuild/obj/sprite_chomper.rel
                                          [ sprite_chomper ]
C:/Users/niksy/AppData/Local/Temp/_gbsbuild/obj/sprite_clock_tileset.rel
                                          [ sprite_clock_tileset ]
C:/Users/niksy/AppData/Local/Temp/_gbsbuild/obj/sprite_clock.rel
                                          [ sprite_clock ]
C:/Users/niksy/AppData/Local/Temp/_gbsbuild/obj/sprite_conex_tileset.rel
                                          [ sprite_conex_tileset ]
C:/Users/niksy/AppData/Local/Temp/_gbsbuild/obj/sprite_conex.rel
                                          [ sprite_conex ]
C:/Users/niksy/AppData/Local/Temp/_gbsbuild/obj/sprite_defence_training_tileset.rel
                                          [ sprite_defence_training_tileset ]
C:/Users/niksy/AppData/Local/Temp/_gbsbuild/obj/sprite_defence_training.rel
                                          [ sprite_defence_training ]
C:/Users/niksy/AppData/Local/Temp/_gbsbuild/obj/sprite_egg_tileset.rel
                                          [ sprite_egg_tileset ]
C:/Users/niksy/AppData/Local/Temp/_gbsbuild/obj/sprite_egg.rel
                                          [ sprite_egg ]
C:/Users/niksy/AppData/Local/Temp/_gbsbuild/obj/sprite_enemyhp_copy_tileset.rel
                                          [ sprite_enemyhp_copy_tileset ]
C:/Users/niksy/AppData/Local/Temp/_gbsbuild/obj/sprite_enemyhp_copy.rel
                                          [ sprite_enemyhp_copy ]
C:/Users/niksy/AppData/Local/Temp/_gbsbuild/obj/sprite_enemyhp_tileset.rel
                                          [ sprite_enemyhp_tileset ]
C:/Users/niksy/AppData/Local/Temp/_gbsbuild/obj/sprite_enemyhp.rel
                                          [ sprite_enemyhp ]
C:/Users/niksy/AppData/Local/Temp/_gbsbuild/obj/sprite_gribble_tileset.rel
                                          [ sprite_gribble_tileset ]
C:/Users/niksy/AppData/Local/Temp/_gbsbuild/obj/sprite_gribble.rel
                                          [ sprite_gribble ]
C:/Users/niksy/AppData/Local/Temp/_gbsbuild/obj/sprite_gymequitment_tileset.rel
                                          [ sprite_gymequitment_tileset ]
C:/Users/niksy/AppData/Local/Temp/_gbsbuild/obj/sprite_gymequitment.rel
                                          [ sprite_gymequitment ]
C:/Users/niksy/AppData/Local/Temp/_gbsbuild/obj/sprite_hp_tileset.rel
                                          [ sprite_hp_tileset ]
C:/Users/niksy/AppData/Local/Temp/_gbsbuild/obj/sprite_hp.rel
                                          [ sprite_hp ]
C:/Users/niksy/AppData/Local/Temp/_gbsbuild/obj/sprite_jhoncena_tileset.rel
                                          [ sprite_jhoncena_tileset ]
C:/Users/niksy/AppData/Local/Temp/_gbsbuild/obj/sprite_jhoncena.rel
                                          [ sprite_jhoncena ]
C:/Users/niksy/AppData/Local/Temp/_gbsbuild/obj/sprite_melty_tileset.rel
                                          [ sprite_melty_tileset ]
C:/Users/niksy/AppData/Local/Temp/_gbsbuild/obj/sprite_melty.rel
                                          [ sprite_melty ]
C:/Users/niksy/AppData/Local/Temp/_gbsbuild/obj/sprite_necro_tileset.rel
                                          [ sprite_necro_tileset ]
C:/Users/niksy/AppData/Local/Temp/_gbsbuild/obj/sprite_necro.rel
                                          [ sprite_necro ]
C:/Users/niksy/AppData/Local/Temp/_gbsbuild/obj/sprite_numbers_tileset.rel
                                          [ sprite_numbers_tileset ]
C:/Users/niksy/AppData/Local/Temp/_gbsbuild/obj/sprite_numbers.rel
                                          [ sprite_numbers ]
C:/Users/niksy/AppData/Local/Temp/_gbsbuild/obj/sprite_paniel_tileset.rel
                                          [ sprite_paniel_tileset ]
C:/Users/niksy/AppData/Local/Temp/_gbsbuild/obj/sprite_paniel.rel
                                          [ sprite_paniel ]
C:/Users/niksy/AppData/Local/Temp/_gbsbuild/obj/sprite_raptar_copy_tileset.rel
                                          [ sprite_raptar_copy_tileset ]
C:/Users/niksy/AppData/Local/Temp/_gbsbuild/obj/sprite_raptar_copy.rel
                                          [ sprite_raptar_copy ]
C:/Users/niksy/AppData/Local/Temp/_gbsbuild/obj/sprite_raptar_tileset.rel
                                          [ sprite_raptar_tileset ]
C:/Users/niksy/AppData/Local/Temp/_gbsbuild/obj/sprite_raptar.rel
                                          [ sprite_raptar ]
C:/Users/niksy/AppData/Local/Temp/_gbsbuild/obj/sprite_runningmac_tileset.rel
                                          [ sprite_runningmac_tileset ]
C:/Users/niksy/AppData/Local/Temp/_gbsbuild/obj/sprite_runningmac.rel
                                          [ sprite_runningmac ]
C:/Users/niksy/AppData/Local/Temp/_gbsbuild/obj/sprite_savesprite_tileset.rel
                                          [ sprite_savesprite_tileset ]
C:/Users/niksy/AppData/Local/Temp/_gbsbuild/obj/sprite_savesprite.rel
                                          [ sprite_savesprite ]
C:/Users/niksy/AppData/Local/Temp/_gbsbuild/obj/sprite_scoket_tileset.rel
                                          [ sprite_scoket_tileset ]
C:/Users/niksy/AppData/Local/Temp/_gbsbuild/obj/sprite_scoket.rel
                                          [ sprite_scoket ]
C:/Users/niksy/AppData/Local/Temp/_gbsbuild/obj/sprite_shieldy_tileset.rel
                                          [ sprite_shieldy_tileset ]
C:/Users/niksy/AppData/Local/Temp/_gbsbuild/obj/sprite_shieldy.rel
                                          [ sprite_shieldy ]
C:/Users/niksy/AppData/Local/Temp/_gbsbuild/obj/sprite_signpost_tileset.rel
                                          [ sprite_signpost_tileset ]
C:/Users/niksy/AppData/Local/Temp/_gbsbuild/obj/sprite_signpost.rel
                                          [ sprite_signpost ]
C:/Users/niksy/AppData/Local/Temp/_gbsbuild/obj/sprite_sleept_copy_tileset.rel
                                          [ sprite_sleept_copy_tileset ]
C:/Users/niksy/AppData/Local/Temp/_gbsbuild/obj/sprite_sleept_copy.rel
                                          [ sprite_sleept_copy ]
C:/Users/niksy/AppData/Local/Temp/_gbsbuild/obj/sprite_snooty_tileset.rel
                                          [ sprite_snooty_tileset ]
C:/Users/niksy/AppData/Local/Temp/_gbsbuild/obj/sprite_snooty.rel
                                          [ sprite_snooty ]
C:/Users/niksy/AppData/Local/Temp/_gbsbuild/obj/sprite_topdown_tileset.rel
                                          [ sprite_topdown_tileset ]
C:/Users/niksy/AppData/Local/Temp/_gbsbuild/obj/sprite_topdown.rel
                                          [ sprite_topdown ]
C:/Users/niksy/AppData/Local/Temp/_gbsbuild/obj/sprite_turn_tileset.rel
                                          [ sprite_turn_tileset ]
C:/Users/niksy/AppData/Local/Temp/_gbsbuild/obj/sprite_turn.rel
                                          [ sprite_turn ]
C:/Users/niksy/AppData/Local/Temp/_gbsbuild/obj/spritesheet_none.rel
                                          [ spritesheet_none ]
C:/Users/niksy/AppData/Local/Temp/_gbsbuild/obj/trigger_0_interact.rel
                                          [ trigger_0_interact ]
C:/Users/niksy/AppData/Local/Temp/_gbsbuild/obj/trigger_1_interact.rel
                                          [ trigger_1_interact ]
C:/Users/niksy/AppData/Local/Temp/_gbsbuild/obj/trigger_2_interact.rel
                                          [ trigger_2_interact ]
C:/Users/niksy/AppData/Local/Temp/_gbsbuild/obj/trigger_3_interact.rel
                                          [ trigger_3_interact ]
C:/Users/niksy/AppData/Local/Temp/_gbsbuild/obj/trigger_4_interact.rel
                                          [ trigger_4_interact ]
C:/Users/niksy/AppData/Local/Temp/_gbsbuild/obj/trigger_5_interact.rel
                                          [ trigger_5_interact ]
C:/Users/niksy/AppData/Local/Temp/_gbsbuild/obj/trigger_6_interact.rel
                                          [ trigger_6_interact ]
C:/Users/niksy/AppData/Local/Temp/_gbsbuild/obj/main.rel
                                          [ main ]
C:/Users/niksy/AppData/Local/Temp/_gbsbuild/obj/adventure.rel
                                          [ adventure ]
C:/Users/niksy/AppData/Local/Temp/_gbsbuild/obj/logo.rel
                                          [ logo ]
C:/Users/niksy/AppData/Local/Temp/_gbsbuild/obj/platform.rel
                                          [ platform ]
C:/Users/niksy/AppData/Local/Temp/_gbsbuild/obj/pointnclick.rel
                                          [ pointnclick ]
C:/Users/niksy/AppData/Local/Temp/_gbsbuild/obj/shmup.rel
                                          [ shmup ]
C:/Users/niksy/AppData/Local/Temp/_gbsbuild/obj/states_ptrs.rel
                                          [  ]
C:/Users/niksy/AppData/Local/Temp/_gbsbuild/obj/topdown.rel
                                          [ topdown ]


Libraries Linked                          [ object file ]

C:\Users\niksy\AppData\Local\Temp/_gbstools/gbdk/lib/gb/gb.lib
                                          [ fill_rect_wi.o ]
C:\Users\niksy\AppData\Local\Temp/_gbstools/gbdk/lib/sm83/sm83.lib
                                          [ rand.o ]
lib/hUGEDriver.lib                        [ hUGEDriver.o ]
C:\Users\niksy\AppData\Local\Temp/_gbstools/gbdk/lib/gb/gb.lib
                                          [ sfr.o ]
C:\Users\niksy\AppData\Local\Temp/_gbstools/gbdk/lib/gb/gb.lib
                                          [ get_data.o ]
C:\Users\niksy\AppData\Local\Temp/_gbstools/gbdk/lib/gb/gb.lib
                                          [ get_tile.o ]
C:\Users\niksy\AppData\Local\Temp/_gbstools/gbdk/lib/gb/gb.lib
                                          [ metasprites_hide_spr.o ]
C:\Users\niksy\AppData\Local\Temp/_gbstools/gbdk/lib/sm83/sm83.lib
                                          [ mul.o ]
C:\Users\niksy\AppData\Local\Temp/_gbstools/gbdk/lib/gb/gb.lib
                                          [ set_tile.o ]
C:\Users\niksy\AppData\Local\Temp/_gbstools/gbdk/lib/sm83/sm83.lib
                                          [ abs.o ]
C:\Users\niksy\AppData\Local\Temp/_gbstools/gbdk/lib/gb/gb.lib
                                          [ set_wi_t.o ]
C:\Users\niksy\AppData\Local\Temp/_gbstools/gbdk/lib/gb/gb.lib
                                          [ set_data.o ]
C:\Users\niksy\AppData\Local\Temp/_gbstools/gbdk/lib/sm83/sm83.lib
                                          [ reverse.o ]
C:\Users\niksy\AppData\Local\Temp/_gbstools/gbdk/lib/gb/gb.lib
                                          [ far_ptr.o ]
C:\Users\niksy\AppData\Local\Temp/_gbstools/gbdk/lib/gb/gb.lib
                                          [ sgb.o ]
C:\Users\niksy\AppData\Local\Temp/_gbstools/gbdk/lib/gb/gb.lib
                                          [ lcd.o ]
C:\Users\niksy\AppData\Local\Temp/_gbstools/gbdk/lib/gb/gb.lib
                                          [ fill_rect.o ]
C:\Users\niksy\AppData\Local\Temp/_gbstools/gbdk/lib/gb/gb.lib
                                          [ cpy_data.o ]
C:\Users\niksy\AppData\Local\Temp/_gbstools/gbdk/lib/gb/gb.lib
                                          [ fill_rect_bk.o ]
C:\Users\niksy\AppData\Local\Temp/_gbstools/gbdk/lib/gb/gb.lib
                                          [ pad.o ]
C:\Users\niksy\AppData\Local\Temp/_gbstools/gbdk/lib/gb/gb.lib
                                          [ metasprites.o ]
C:\Users\niksy\AppData\Local\Temp/_gbstools/gbdk/lib/sm83/sm83.lib
                                          [ __sdcc_call_hl.o ]
C:\Users\niksy\AppData\Local\Temp/_gbstools/gbdk/lib/sm83/sm83.lib
                                          [ memcpy.o ]
C:\Users\niksy\AppData\Local\Temp/_gbstools/gbdk/lib/sm83/sm83.lib
                                          [ _memset.o ]
C:\Users\niksy\AppData\Local\Temp/_gbstools/gbdk/lib/gb/gb.lib
                                          [ set_xy_t.o ]
C:\Users\niksy\AppData\Local\Temp/_gbstools/gbdk/lib/gb/gb.lib
                                          [ ___sdcc_bcall_ehl.o ]
C:\Users\niksy\AppData\Local\Temp/_gbstools/gbdk/lib/sm83/sm83.lib
                                          [ div.o ]
C:\Users\niksy\AppData\Local\Temp/_gbstools/gbdk/lib/gb/gb.lib
                                          [ set_bk_t.o ]

ASxxxx Linker V03.00/V05.40 + sdld,  page 81.

User Base Address Definitions

_DATA=0xC0A0
_CODE=0x0200
ASxxxx Linker V03.00/V05.40 + sdld,  page 82.

User Global Definitions

.STACK=0xDF00
_shadow_OAM=0xC000
.refresh_OAM=0xFF80
__start_save=12

